src/engine/CoreEngine.ts(42,29): error TS6133: 'id' is declared but its value is never read.
